
(56 rows affected)
Package                                            LibPath                                                                                                                                                                                                  Version              Depends                                                                                                                                                                                                  Imports                                                                                                                                                                                                  Suggests                                                                                                                                                                                                 Built
-------------------------------------------------- -------------------------------------------------------------------------------------------------------------------------------------------------------------------------------------------------------- -------------------- -------------------------------------------------------------------------------------------------------------------------------------------------------------------------------------------------------- -------------------------------------------------------------------------------------------------------------------------------------------------------------------------------------------------------- -------------------------------------------------------------------------------------------------------------------------------------------------------------------------------------------------------- --------------------
AUC                                                C:/Program Files/Microsoft SQL Server/MSSQL13.MSSQLSERVER/R_SERVICES/library                                                                                                                             0.3.0                NULL                                                                                                                                                                                                     NULL                                                                                                                                                                                                     NULL                                                                                                                                                                                                     3.5.2
base                                               C:/Program Files/Microsoft SQL Server/MSSQL13.MSSQLSERVER/R_SERVICES/library                                                                                                                             3.5.2                NULL                                                                                                                                                                                                     NULL                                                                                                                                                                                                     methods                                                                                                                                                                                                  3.5.2
boot                                               C:/Program Files/Microsoft SQL Server/MSSQL13.MSSQLSERVER/R_SERVICES/library                                                                                                                             1.3-20               R (>= 3.0.0), graphics, stats                                                                                                                                                                            NULL                                                                                                                                                                                                     MASS, survival                                                                                                                                                                                           3.5.2
checkpoint                                         C:/Program Files/Microsoft SQL Server/MSSQL13.MSSQLSERVER/R_SERVICES/library                                                                                                                             0.4.4                R(>= 3.0.0)                                                                                                                                                                                              utils                                                                                                                                                                                                    knitr,
rmarkdown,
testthat(>= 0.9),
MASS,
darts,
mockery,
cli                                                                                                                                            3.5.2
class                                              C:/Program Files/Microsoft SQL Server/MSSQL13.MSSQLSERVER/R_SERVICES/library                                                                                                                             7.3-14               R (>= 3.0.0), stats, utils                                                                                                                                                                               MASS                                                                                                                                                                                                     NULL                                                                                                                                                                                                     3.5.2
cluster                                            C:/Program Files/Microsoft SQL Server/MSSQL13.MSSQLSERVER/R_SERVICES/library                                                                                                                             2.0.7-1              R (>= 3.2.0)                                                                                                                                                                                             graphics, grDevices, stats, utils                                                                                                                                                                        MASS, Matrix                                                                                                                                                                                             3.5.2
codetools                                          C:/Program Files/Microsoft SQL Server/MSSQL13.MSSQLSERVER/R_SERVICES/library                                                                                                                             0.2-15               R (>= 2.1)                                                                                                                                                                                               NULL                                                                                                                                                                                                     NULL                                                                                                                                                                                                     3.5.2
CompatibilityAPI                                   C:/Program Files/Microsoft SQL Server/MSSQL13.MSSQLSERVER/R_SERVICES/library                                                                                                                             1.1.0                R (>= 3.2.2)                                                                                                                                                                                             jsonlite,
methods,
R6,
utils                                                                                                                                                                             knitr,
rmarkdown (>= 1.0)                                                                                                                                                                                3.5.1
compiler                                           C:/Program Files/Microsoft SQL Server/MSSQL13.MSSQLSERVER/R_SERVICES/library                                                                                                                             3.5.2                NULL                                                                                                                                                                                                     NULL                                                                                                                                                                                                     NULL                                                                                                                                                                                                     3.5.2
curl                                               C:/Program Files/Microsoft SQL Server/MSSQL13.MSSQLSERVER/R_SERVICES/library                                                                                                                             3.3                  R (>= 3.0.0)                                                                                                                                                                                             NULL                                                                                                                                                                                                     spelling, testthat (>= 1.0.0), knitr, jsonlite, rmarkdown,
magrittr, httpuv (>= 1.4.4), webutils                                                                                                         3.5.2
datasets                                           C:/Program Files/Microsoft SQL Server/MSSQL13.MSSQLSERVER/R_SERVICES/library                                                                                                                             3.5.2                NULL                                                                                                                                                                                                     NULL                                                                                                                                                                                                     NULL                                                                                                                                                                                                     3.5.2
deployrRserve                                      C:/Program Files/Microsoft SQL Server/MSSQL13.MSSQLSERVER/R_SERVICES/library                                                                                                                             9.0.0                R (>= 1.5.0)                                                                                                                                                                                             NULL                                                                                                                                                                                                     NULL                                                                                                                                                                                                     3.5.2
doParallel                                         C:/Program Files/Microsoft SQL Server/MSSQL13.MSSQLSERVER/R_SERVICES/library                                                                                                                             1.0.14               R (>= 2.14.0), foreach(>= 1.2.0), iterators(>= 1.0.0), parallel, utils                                                                                                                                   NULL                                                                                                                                                                                                     caret, mlbench, rpart, RUnit                                                                                                                                                                             3.5.2
doRSR                                              C:/Program Files/Microsoft SQL Server/MSSQL13.MSSQLSERVER/R_SERVICES/library                                                                                                                             10.0.0               R (>= 2.5.0), foreach(>= 1.2.0), iterators(>= 1.0.0), RevoScaleR(>= 2.0-0), utils,
RevoUtils                                                                                                             NULL                                                                                                                                                                                                     RUnit, doParallel                                                                                                                                                                                        3.5.2
foreach                                            C:/Program Files/Microsoft SQL Server/MSSQL13.MSSQLSERVER/R_SERVICES/library                                                                                                                             1.5.1                R (>= 2.5.0)                                                                                                                                                                                             codetools, utils, iterators                                                                                                                                                                              randomForest, future                                                                                                                                                                                     3.5.2
foreign                                            C:/Program Files/Microsoft SQL Server/MSSQL13.MSSQLSERVER/R_SERVICES/library                                                                                                                             0.8-71               R (>= 3.0.0)                                                                                                                                                                                             methods, utils, stats                                                                                                                                                                                    NULL                                                                                                                                                                                                     3.5.2
graphics                                           C:/Program Files/Microsoft SQL Server/MSSQL13.MSSQLSERVER/R_SERVICES/library                                                                                                                             3.5.2                NULL                                                                                                                                                                                                     grDevices                                                                                                                                                                                                NULL                                                                                                                                                                                                     3.5.2
grDevices                                          C:/Program Files/Microsoft SQL Server/MSSQL13.MSSQLSERVER/R_SERVICES/library                                                                                                                             3.5.2                NULL                                                                                                                                                                                                     NULL                                                                                                                                                                                                     KernSmooth                                                                                                                                                                                               3.5.2
grid                                               C:/Program Files/Microsoft SQL Server/MSSQL13.MSSQLSERVER/R_SERVICES/library                                                                                                                             3.5.2                NULL                                                                                                                                                                                                     grDevices, utils                                                                                                                                                                                         lattice                                                                                                                                                                                                  3.5.2
iterators                                          C:/Program Files/Microsoft SQL Server/MSSQL13.MSSQLSERVER/R_SERVICES/library                                                                                                                             1.0.11               R (>= 2.5.0), utils                                                                                                                                                                                      NULL                                                                                                                                                                                                     RUnit, foreach                                                                                                                                                                                           3.5.2
jsonlite                                           C:/Program Files/Microsoft SQL Server/MSSQL13.MSSQLSERVER/R_SERVICES/library                                                                                                                             1.5                  methods                                                                                                                                                                                                  NULL                                                                                                                                                                                                     httr, curl, plyr, testthat, knitr, rmarkdown, R.rsp, sp                                                                                                                                                  3.5.2
KernSmooth                                         C:/Program Files/Microsoft SQL Server/MSSQL13.MSSQLSERVER/R_SERVICES/library                                                                                                                             2.23-15              R (>= 2.5.0), stats                                                                                                                                                                                      NULL                                                                                                                                                                                                     MASS                                                                                                                                                                                                     3.5.2
lattice                                            C:/Program Files/Microsoft SQL Server/MSSQL13.MSSQLSERVER/R_SERVICES/library                                                                                                                             0.20-38              R (>= 3.0.0)                                                                                                                                                                                             grid, grDevices, graphics, stats, utils                                                                                                                                                                  KernSmooth, MASS, latticeExtra                                                                                                                                                                           3.5.2
MASS                                               C:/Program Files/Microsoft SQL Server/MSSQL13.MSSQLSERVER/R_SERVICES/library                                                                                                                             7.3-51.1             R (>= 3.1.0), grDevices, graphics, stats, utils                                                                                                                                                          methods                                                                                                                                                                                                  lattice, nlme, nnet, survival                                                                                                                                                                            3.5.2
Matrix                                             C:/Program Files/Microsoft SQL Server/MSSQL13.MSSQLSERVER/R_SERVICES/library                                                                                                                             1.2-15               R (>= 3.2.0)                                                                                                                                                                                             methods, graphics, grid, stats, utils, lattice                                                                                                                                                           expm, MASS                                                                                                                                                                                               3.5.2
methods                                            C:/Program Files/Microsoft SQL Server/MSSQL13.MSSQLSERVER/R_SERVICES/library                                                                                                                             3.5.2                NULL                                                                                                                                                                                                     utils, stats                                                                                                                                                                                             codetools                                                                                                                                                                                                3.5.2
mgcv                                               C:/Program Files/Microsoft SQL Server/MSSQL13.MSSQLSERVER/R_SERVICES/library                                                                                                                             1.8-26               R (>= 2.14.0), nlme (>= 3.1-64)                                                                                                                                                                          methods, stats, graphics, Matrix                                                                                                                                                                         splines, parallel, survival, MASS                                                                                                                                                                        3.5.2
MicrosoftML                                        C:/Program Files/Microsoft SQL Server/MSSQL13.MSSQLSERVER/R_SERVICES/library                                                                                                                             9.4.7                R (>= 3.3.2), methods, RevoScaleR (>= 9.2.1)                                                                                                                                                             stats, utils, tools, jsonlite                                                                                                                                                                            RUnit, lattice, magrittr, knitr                                                                                                                                                                          3.5.2
MicrosoftR                                         C:/Program Files/Microsoft SQL Server/MSSQL13.MSSQLSERVER/R_SERVICES/library                                                                                                                             3.5.2                NULL                                                                                                                                                                                                     NULL                                                                                                                                                                                                     NULL                                                                                                                                                                                                     3.5.2
mrsdeploy                                          C:/Program Files/Microsoft SQL Server/MSSQL13.MSSQLSERVER/R_SERVICES/library                                                                                                                             1.1.3                R (>= 3.3.0)                                                                                                                                                                                             curl, jsonlite, R6, tools                                                                                                                                                                                testthat, covr, xml2, knitr                                                                                                                                                                              3.5.2
nlme                                               C:/Program Files/Microsoft SQL Server/MSSQL13.MSSQLSERVER/R_SERVICES/library                                                                                                                             3.1-137              R (>= 3.4.0)                                                                                                                                                                                             graphics, stats, utils, lattice                                                                                                                                                                          Hmisc, MASS                                                                                                                                                                                              3.5.2
nnet                                               C:/Program Files/Microsoft SQL Server/MSSQL13.MSSQLSERVER/R_SERVICES/library                                                                                                                             7.3-12               R (>= 2.14.0), stats, utils                                                                                                                                                                              NULL                                                                                                                                                                                                     MASS                                                                                                                                                                                                     3.5.2
olapR                                              C:/Program Files/Microsoft SQL Server/MSSQL13.MSSQLSERVER/R_SERVICES/library                                                                                                                             1.0.0                R (>= 3.2.2)                                                                                                                                                                                             NULL                                                                                                                                                                                                     testthat                                                                                                                                                                                                 3.5.2
parallel                                           C:/Program Files/Microsoft SQL Server/MSSQL13.MSSQLSERVER/R_SERVICES/library                                                                                                                             3.5.2                NULL                                                                                                                                                                                                     tools, compiler                                                                                                                                                                                          methods                                                                                                                                                                                                  3.5.2
png                                                C:/Program Files/Microsoft SQL Server/MSSQL13.MSSQLSERVER/R_SERVICES/library                                                                                                                             0.1-7                R (>= 2.9.0)                                                                                                                                                                                             NULL                                                                                                                                                                                                     NULL                                                                                                                                                                                                     3.5.2
R6                                                 C:/Program Files/Microsoft SQL Server/MSSQL13.MSSQLSERVER/R_SERVICES/library                                                                                                                             2.3.0                R (>= 3.0)                                                                                                                                                                                               NULL                                                                                                                                                                                                     knitr, microbenchmark, pryr, testthat, ggplot2, scales                                                                                                                                                   3.5.2
RevoIOQ                                            C:/Program Files/Microsoft SQL Server/MSSQL13.MSSQLSERVER/R_SERVICES/library                                                                                                                             10.0.1               R (>= 2.6.2), RUnit (>= 0.4.26), tools                                                                                                                                                                   NULL                                                                                                                                                                                                     RevoUtils                                                                                                                                                                                                3.5.2
RevoMods                                           C:/Program Files/Microsoft SQL Server/MSSQL13.MSSQLSERVER/R_SERVICES/library                                                                                                                             11.0.1               R (>= 2.6.2)                                                                                                                                                                                             NULL                                                                                                                                                                                                     NULL                                                                                                                                                                                                     3.5.2
RevoPemaR                                          C:/Program Files/Microsoft SQL Server/MSSQL13.MSSQLSERVER/R_SERVICES/library                                                                                                                             10.0.0               R (>= 3.1.1), methods                                                                                                                                                                                    stats, utils                                                                                                                                                                                             RUnit, doParallel, RevoMods, RevoUtils, RevoUtilsMath, RevoScaleR                                                                                                                                        3.5.2
RevoScaleR                                         C:/Program Files/Microsoft SQL Server/MSSQL13.MSSQLSERVER/R_SERVICES/library                                                                                                                             9.4.7                R (>= 3.2.2)                                                                                                                                                                                             CompatibilityAPI, iterators, foreach, methods, stats, utils,
jsonlite                                                                                                                                    RUnit, rpart, lattice, doParallel, RevoUtilsMath, RevoPemaR                                                                                                                                              3.5.2
RevoTreeView                                       C:/Program Files/Microsoft SQL Server/MSSQL13.MSSQLSERVER/R_SERVICES/library                                                                                                                             10.0.0               NULL                                                                                                                                                                                                     RevoScaleR                                                                                                                                                                                               RUnit, rpart                                                                                                                                                                                             3.5.2
RevoUtils                                          C:/Program Files/Microsoft SQL Server/MSSQL13.MSSQLSERVER/R_SERVICES/library                                                                                                                             11.0.2               NULL                                                                                                                                                                                                     NULL                                                                                                                                                                                                     NULL                                                                                                                                                                                                     3.5.2
RevoUtilsMath                                      C:/Program Files/Microsoft SQL Server/MSSQL13.MSSQLSERVER/R_SERVICES/library                                                                                                                             11.0.0               NULL                                                                                                                                                                                                     NULL                                                                                                                                                                                                     NULL                                                                                                                                                                                                     3.5.2
RODBC                                              C:/Program Files/Microsoft SQL Server/MSSQL13.MSSQLSERVER/R_SERVICES/library                                                                                                                             1.3-15               R (>= 3.0.0)                                                                                                                                                                                             stats                                                                                                                                                                                                    NULL                                                                                                                                                                                                     3.5.2
rpart                                              C:/Program Files/Microsoft SQL Server/MSSQL13.MSSQLSERVER/R_SERVICES/library                                                                                                                             4.1-13               R (>= 2.15.0), graphics, stats, grDevices                                                                                                                                                                NULL                                                                                                                                                                                                     survival                                                                                                                                                                                                 3.5.2
RUnit                                              C:/Program Files/Microsoft SQL Server/MSSQL13.MSSQLSERVER/R_SERVICES/library                                                                                                                             0.4.26               R (>= 2.5.0), utils (>= 2.5.0), methods (>= 2.5.0)                                                                                                                                                       NULL                                                                                                                                                                                                     NULL                                                                                                                                                                                                     3.5.2
spatial                                            C:/Program Files/Microsoft SQL Server/MSSQL13.MSSQLSERVER/R_SERVICES/library                                                                                                                             7.3-11               R (>= 3.0.0), graphics, stats, utils                                                                                                                                                                     NULL                                                                                                                                                                                                     MASS                                                                                                                                                                                                     3.5.2
splines                                            C:/Program Files/Microsoft SQL Server/MSSQL13.MSSQLSERVER/R_SERVICES/library                                                                                                                             3.5.2                NULL                                                                                                                                                                                                     graphics, stats                                                                                                                                                                                          Matrix, methods                                                                                                                                                                                          3.5.2
sqlrutils                                          C:/Program Files/Microsoft SQL Server/MSSQL13.MSSQLSERVER/R_SERVICES/library                                                                                                                             1.0.0                R (>= 3.2.2)                                                                                                                                                                                             RevoScaleR                                                                                                                                                                                               testthat,
knitr,
rmarkdown,
roxygen2                                                                                                                                                                     3.5.2
stats                                              C:/Program Files/Microsoft SQL Server/MSSQL13.MSSQLSERVER/R_SERVICES/library                                                                                                                             3.5.2                NULL                                                                                                                                                                                                     utils, grDevices, graphics                                                                                                                                                                               MASS, Matrix, SuppDists, methods, stats4                                                                                                                                                                 3.5.2
stats4                                             C:/Program Files/Microsoft SQL Server/MSSQL13.MSSQLSERVER/R_SERVICES/library                                                                                                                             3.5.2                NULL                                                                                                                                                                                                     graphics, methods, stats                                                                                                                                                                                 NULL                                                                                                                                                                                                     3.5.2
survival                                           C:/Program Files/Microsoft SQL Server/MSSQL13.MSSQLSERVER/R_SERVICES/library                                                                                                                             2.43-3               R (>= 2.13.0)                                                                                                                                                                                            graphics, Matrix, methods, splines, stats, utils                                                                                                                                                         NULL                                                                                                                                                                                                     3.5.2
tcltk                                              C:/Program Files/Microsoft SQL Server/MSSQL13.MSSQLSERVER/R_SERVICES/library                                                                                                                             3.5.2                NULL                                                                                                                                                                                                     utils                                                                                                                                                                                                    NULL                                                                                                                                                                                                     3.5.2
tools                                              C:/Program Files/Microsoft SQL Server/MSSQL13.MSSQLSERVER/R_SERVICES/library                                                                                                                             3.5.2                NULL                                                                                                                                                                                                     NULL                                                                                                                                                                                                     codetools, methods, xml2, curl                                                                                                                                                                           3.5.2
translations                                       C:/Program Files/Microsoft SQL Server/MSSQL13.MSSQLSERVER/R_SERVICES/library                                                                                                                             3.5.2                NULL                                                                                                                                                                                                     NULL                                                                                                                                                                                                     NULL                                                                                                                                                                                                     3.5.2
utils                                              C:/Program Files/Microsoft SQL Server/MSSQL13.MSSQLSERVER/R_SERVICES/library                                                                                                                             3.5.2                NULL                                                                                                                                                                                                     NULL                                                                                                                                                                                                     methods, xml2, commonmark                                                                                                                                                                                3.5.2

(56 rows affected)


Completion time: 2020-01-23T17:03:21.4100849+00:00
